replaying ErdosProblems.Erdos720
replaying ErdosProblems.Erdos720.TripEmbedding
replaying ErdosProblems.Erdos720.Tripartite
replaying ErdosProblems.Erdos720.Random
replaying ErdosProblems.Erdos720.Prune
replaying ErdosProblems.Erdos720.PathHost
replaying ErdosProblems.Erdos720.PartiteCycle
replaying ErdosProblems.Erdos720.OneCycle
replaying ErdosProblems.Erdos720.OddCycle
replaying ErdosProblems.Erdos720.Join
replaying ErdosProblems.Erdos720.GeneralAnalytic
replaying ErdosProblems.Erdos720.Foundation
replaying ErdosProblems.Erdos720.Fan
replaying ErdosProblems.Erdos720.Extend
replaying ErdosProblems.Erdos720.DFS
replaying ErdosProblems.Erdos720.CycleRamsey
replaying ErdosProblems.Erdos720.CycleHost
replaying ErdosProblems.Erdos720.CycleCore
replaying ErdosProblems.Erdos720.Connector
replaying ErdosProblems.Erdos720.Asymptotic
replaying ErdosProblems.Erdos720.Arithmetic
replaying ErdosProblems.Erdos720.Analytic
