replaying ErdosProblems.Erdos518
replaying ErdosProblems.Erdos518.TripleFreeConcrete
replaying ErdosProblems.Erdos518.TripleFree
replaying ErdosProblems.Erdos518.TripleCover
replaying ErdosProblems.Erdos518.Sqrt
replaying ErdosProblems.Erdos518.SmallCases
replaying ErdosProblems.Erdos518.Setup
replaying ErdosProblems.Erdos518.Selection
replaying ErdosProblems.Erdos518.RotationGap
replaying ErdosProblems.Erdos518.Rotation
replaying ErdosProblems.Erdos518.PredecessorClique
replaying ErdosProblems.Erdos518.OneLongPath
replaying ErdosProblems.Erdos518.NoEdgeAllHigh
replaying ErdosProblems.Erdos518.NoConfiguration
replaying ErdosProblems.Erdos518.MuBound
replaying ErdosProblems.Erdos518.MainInduction
replaying ErdosProblems.Erdos518.LowMu
replaying ErdosProblems.Erdos518.LongMono
replaying ErdosProblems.Erdos518.Intersection
replaying ErdosProblems.Erdos518.Induction
replaying ErdosProblems.Erdos518.HighMu
replaying ErdosProblems.Erdos518.HighFinal
replaying ErdosProblems.Erdos518.ExtensionObstruction
replaying ErdosProblems.Erdos518.DenseBipartite
replaying ErdosProblems.Erdos518.Defs
replaying ErdosProblems.Erdos518.CoverDevice
replaying ErdosProblems.Erdos518.Cover
replaying ErdosProblems.Erdos518.CoreBipartite
replaying ErdosProblems.Erdos518.Configuration
replaying ErdosProblems.Erdos518.CompleteBipartiteCover
replaying ErdosProblems.Erdos518.CliqueExtension
replaying ErdosProblems.Erdos518.ClaimOne
replaying ErdosProblems.Erdos518.CaseArithmetic
replaying ErdosProblems.Erdos518.BlueTriple
replaying ErdosProblems.Erdos518.BasicBounds
replaying ErdosProblems.Erdos518.Alternating
