'Erdos730.FullDensityCore.T_eq' depends on axioms: [propext]
'Erdos730.FullDensityCore.branch_expansions' depends on axioms: [propext]
'Erdos730.FullDensityCore.n_expansion' depends on axioms: [propext, Quot.sound]
'Erdos730.FullDensityCore.product_identity' depends on axioms: [propext]
'Erdos730.FullDensityCore.identity_PQ' depends on axioms: [propext]
'Erdos730.FullDensityCore.identity_RS' depends on axioms: [propext]
'Erdos730.FullDensityCore.identity_PS' depends on axioms: [propext]
'Erdos730.FullDensityCore.identity_QR' depends on axioms: [propext]
'Erdos730.FullDensityCore.identity_PR' depends on axioms: [propext]
'Erdos730.FullDensityCore.identity_QS' depends on axioms: [propext]
'Erdos730.FullDensityCore.n_add_one' depends on axioms: [propext, Classical.choice, Quot.sound]
'Erdos730.FullDensityCore.two_n_add_one' depends on axioms: [propext, Classical.choice, Quot.sound]
'Erdos730.FullDensityCore.n_strictMono' depends on axioms: [propext, Classical.choice, Quot.sound]
'Erdos730.FullDensityCore.familyPair_mem_pairSet' depends on axioms: [propext, Classical.choice, Quot.sound]
'Erdos730.FullDensityCore.familyPair_mapsTo_pairSet' depends on axioms: [propext, Classical.choice, Quot.sound]
'Erdos730.FullDensityCore.familyPair_injective' depends on axioms: [propext, Classical.choice, Quot.sound]
'Erdos730.FullDensityCore.pairSet_infinite_of_goodParameters_infinite' depends on axioms: [propext,
 Classical.choice,
 Quot.sound]
'Erdos730.FullDensityCore.fixed_primes_do_not_divide_branches' depends on axioms: [propext,
 Classical.choice,
 Quot.sound]
'Erdos730.FullDensityCore.branch_mod_3' depends on axioms: [propext, Classical.choice, Quot.sound]
'Erdos730.FullDensityCore.branch_mod_7_fixed' depends on axioms: [propext, Classical.choice, Quot.sound]
'Erdos730.FullDensityCore.P_Q_coprime' depends on axioms: [propext, Classical.choice, Quot.sound]
'Erdos730.FullDensityCore.P_R_coprime' depends on axioms: [propext, Classical.choice, Quot.sound]
'Erdos730.FullDensityCore.P_S_coprime' depends on axioms: [propext, Quot.sound]
'Erdos730.FullDensityCore.Q_R_coprime' depends on axioms: [propext, Quot.sound]
'Erdos730.FullDensityCore.Q_S_coprime' depends on axioms: [propext, Classical.choice, Quot.sound]
'Erdos730.FullDensityCore.R_S_coprime' depends on axioms: [propext, Classical.choice, Quot.sound]
'Erdos730.FullDensityCore.branches_pairwise_coprime' depends on axioms: [propext, Classical.choice, Quot.sound]
'Erdos730.FullDensityCore.allowed_residue_card_certificate' depends on axioms: [propext, Classical.choice, Quot.sound]
'Erdos730.FullDensityCore.P_top_residue_iff' depends on axioms: [propext]
'Erdos730.FullDensityCore.R_top_residue_iff' depends on axioms: [propext]
'Erdos730.FullDensityCore.P_top_digit_classification' depends on axioms: [propext, Classical.choice, Quot.sound]
'Erdos730.FullDensityCore.Q_top_digit_large' depends on axioms: [propext, Quot.sound]
'Erdos730.FullDensityCore.R_top_digit_classification' depends on axioms: [propext, Classical.choice, Quot.sound]
'Erdos730.FullDensityCore.S_top_digit_large' depends on axioms: [propext, Classical.choice, Quot.sound]
'Erdos730.FullDensityCore.switching_modulus_factorizations' depends on axioms: [propext]
'Erdos730.FullDensityCore.switching_modulus_totients' depends on axioms: [propext, Classical.choice, Quot.sound]
'Erdos730.FullDensityCore.switching_allowed_class_count_certificate' depends on axioms: [propext,
 Classical.choice,
 Quot.sound]
'Erdos730.FullDensityCore.switching_class_count_arithmetic' depends on axioms: [propext]
