replaying ErdosProblems.Erdos730
replaying ErdosProblems.Erdos730.TransitionDensity
replaying ErdosProblems.Erdos730.SmallPrimeTail
replaying ErdosProblems.Erdos730.SmallPrimeEvents
replaying ErdosProblems.Erdos730.SmallPrimeDepth
replaying ErdosProblems.Erdos730.RangeAssembly
replaying ErdosProblems.Erdos730.Proof
replaying ErdosProblems.Erdos730.PrimeBands
replaying ErdosProblems.Erdos730.PositiveDensityBridge
replaying ErdosProblems.Erdos730.PNTAPAudit
replaying ErdosProblems.Erdos730.PNTAP
replaying ErdosProblems.Erdos730.PadicIsometry
replaying ErdosProblems.Erdos730.ObstructionMaps
replaying ErdosProblems.Erdos730.Mertens
replaying ErdosProblems.Erdos730.LowerHalfFourier
replaying ErdosProblems.Erdos730.LimsupSeries
replaying ErdosProblems.Erdos730.KummerTransition
replaying ErdosProblems.Erdos730.HigherPowerEvents
replaying ErdosProblems.Erdos730.HigherPowerDensity
replaying ErdosProblems.Erdos730.HigherPowerDecay
replaying ErdosProblems.Erdos730.HigherPowerCount
replaying ErdosProblems.Erdos730.FullDensityTheoremAudit
replaying ErdosProblems.Erdos730.FullDensityTheorem
replaying ErdosProblems.Erdos730.FullDensityReduction
replaying ErdosProblems.Erdos730.FullDensityCore
replaying ErdosProblems.Erdos730.FullDensityBudget
replaying ErdosProblems.Erdos730.FixedDepthParity
replaying ErdosProblems.Erdos730.FixedDepthFourier
replaying ErdosProblems.Erdos730.FixedDepthDensity
replaying ErdosProblems.Erdos730.FiniteBlockCount
replaying ErdosProblems.Erdos730.DominatedLimit
replaying ErdosProblems.Erdos730.DivisorSwitching
replaying ErdosProblems.Erdos730.DigitBoxes
replaying ErdosProblems.Erdos730.DensityEvents
replaying ErdosProblems.Erdos730.DensityAssembly
replaying ErdosProblems.Erdos730.ConsecutiveTransition
replaying ErdosProblems.Erdos730.BranchEvents
replaying ErdosProblems.Erdos730.AnalyticInputs
