replaying ErdosProblems.Erdos543
replaying ErdosProblems.Erdos543.StratifiedMoment
replaying ErdosProblems.Erdos543.RankCountAsymptotics
replaying ErdosProblems.Erdos543.Rank
replaying ErdosProblems.Erdos543.PrimeSequence
replaying ErdosProblems.Erdos543.PoissonSecondMoment
replaying ErdosProblems.Erdos543.PoissonAsymptotics
replaying ErdosProblems.Erdos543.Moments
replaying ErdosProblems.Erdos543.MomentBounds
replaying ErdosProblems.Erdos543.Model
replaying ErdosProblems.Erdos543.MissedEvents
replaying ErdosProblems.Erdos543.LowRankSharp
replaying ErdosProblems.Erdos543.LowRankCount
replaying ErdosProblems.Erdos543.LinearFibers
replaying ErdosProblems.Erdos543.Incidence
replaying ErdosProblems.Erdos543.IIDTransfer
replaying ErdosProblems.Erdos543.IIDModel
replaying ErdosProblems.Erdos543.Hypercube
replaying ErdosProblems.Erdos543.HalfTransfer
replaying ErdosProblems.Erdos543.FullRankCount
replaying ErdosProblems.Erdos543.FiniteProbability
replaying ErdosProblems.Erdos543.FinalLogic
replaying ErdosProblems.Erdos543.FactorialTail
replaying ErdosProblems.Erdos543.CoreObstruction
replaying ErdosProblems.Erdos543.BonferroniAnalytic
replaying ErdosProblems.Erdos543.Asymptotics
