replaying ErdosProblems.Erdos570
replaying ErdosProblems.Erdos570.TriangleTwoArithmetic
replaying ErdosProblems.Erdos570.TriangleTarget
replaying ErdosProblems.Erdos570.TrianglePermutation
replaying ErdosProblems.Erdos570.TriangleMiddle
replaying ErdosProblems.Erdos570.TriangleLeaf
replaying ErdosProblems.Erdos570.TriangleJensen
replaying ErdosProblems.Erdos570.TriangleIndependentTwo
replaying ErdosProblems.Erdos570.TriangleIndependent
replaying ErdosProblems.Erdos570.TriangleHost
replaying ErdosProblems.Erdos570.TriangleExtension
replaying ErdosProblems.Erdos570.TriangleCoreExtension
replaying ErdosProblems.Erdos570.TriangleContraction
replaying ErdosProblems.Erdos570.TriangleCandidates
replaying ErdosProblems.Erdos570.TriangleArithmetic
replaying ErdosProblems.Erdos570.SuspendedReconstruct
replaying ErdosProblems.Erdos570.SuspendedPath
replaying ErdosProblems.Erdos570.SuspendedCompression
replaying ErdosProblems.Erdos570.Support
replaying ErdosProblems.Erdos570.SparseStructure
replaying ErdosProblems.Erdos570.SparseLongPath
replaying ErdosProblems.Erdos570.SparseLeafNumeric
replaying ErdosProblems.Erdos570.SparseLeaf
replaying ErdosProblems.Erdos570.SparseDegree
replaying ErdosProblems.Erdos570.SparseColoring
replaying ErdosProblems.Erdos570.ShortCycle
replaying ErdosProblems.Erdos570.Recode
replaying ErdosProblems.Erdos570.RamseyRegion
replaying ErdosProblems.Erdos570.PathSeparator
replaying ErdosProblems.Erdos570.PathRamsey
replaying ErdosProblems.Erdos570.OddScale
replaying ErdosProblems.Erdos570.OddNeighborhoodInduction
replaying ErdosProblems.Erdos570.OddMiddle
replaying ErdosProblems.Erdos570.OddInduction
replaying ErdosProblems.Erdos570.OddArithmetic
replaying ErdosProblems.Erdos570.Neighborhood
replaying ErdosProblems.Erdos570.LeafObstructionSequence
replaying ErdosProblems.Erdos570.LeafObstructionEndgame
replaying ErdosProblems.Erdos570.LeafExtension
replaying ErdosProblems.Erdos570.LeafEmbedding
replaying ErdosProblems.Erdos570.LeafDeletion
replaying ErdosProblems.Erdos570.LeafCycle
replaying ErdosProblems.Erdos570.Join
replaying ErdosProblems.Erdos570.Increasing
replaying ErdosProblems.Erdos570.FiniteSelection
replaying ErdosProblems.Erdos570.EvenSparseLongPath
replaying ErdosProblems.Erdos570.EvenSparseLeaf
replaying ErdosProblems.Erdos570.EvenLeafObstruction
replaying ErdosProblems.Erdos570.EvenLeafCycle
replaying ErdosProblems.Erdos570.EvenEndpointPath
replaying ErdosProblems.Erdos570.EndpointPath
replaying ErdosProblems.Erdos570.EndpointGrowth
replaying ErdosProblems.Erdos570.EmbeddingNeighborhood
replaying ErdosProblems.Erdos570.DisjointUnion
replaying ErdosProblems.Erdos570.DegreeTwoPath
replaying ErdosProblems.Erdos570.CycleSequence
replaying ErdosProblems.Erdos570.CycleCode
replaying ErdosProblems.Erdos570.CycleCliqueRamsey
replaying ErdosProblems.Erdos570.CycleCliqueMonotone
replaying ErdosProblems.Erdos570.CycleCliqueMerge
replaying ErdosProblems.Erdos570.CycleCliqueLevels
replaying ErdosProblems.Erdos570.CycleCliqueLevelProof
replaying ErdosProblems.Erdos570.CycleCliqueExpansion
replaying ErdosProblems.Erdos570.CycleCliqueDense
replaying ErdosProblems.Erdos570.CycleCliqueCycle
replaying ErdosProblems.Erdos570.CycleCliqueBFSTree
replaying ErdosProblems.Erdos570.CycleCliqueBFSOrder
replaying ErdosProblems.Erdos570.CycleCliqueArithmetic
replaying ErdosProblems.Erdos570.Components
replaying ErdosProblems.Erdos570.Coloring
replaying ErdosProblems.Erdos570.C4Vertex
replaying ErdosProblems.Erdos570.BondyChvatal
replaying ErdosProblems.Erdos570.Averaging
