replaying ErdosProblems.Erdos485
replaying ErdosProblems.Erdos485.WeightedCoprime
replaying ErdosProblems.Erdos485.Weighted
replaying ErdosProblems.Erdos485.Trinomial
replaying ErdosProblems.Erdos485.SquarefreeGap
replaying ErdosProblems.Erdos485.SquarefreeFactor
replaying ErdosProblems.Erdos485.SquareDescent
replaying ErdosProblems.Erdos485.Specialization
replaying ErdosProblems.Erdos485.Schinzel
replaying ErdosProblems.Erdos485.ResultantSpecialize
replaying ErdosProblems.Erdos485.ResultantGap
replaying ErdosProblems.Erdos485.ResultantDegree
replaying ErdosProblems.Erdos485.RecursiveSpecialization
replaying ErdosProblems.Erdos485.Normalization
replaying ErdosProblems.Erdos485.Laurent
replaying ErdosProblems.Erdos485.Hajos
replaying ErdosProblems.Erdos485.EvenMultiplicity
replaying ErdosProblems.Erdos485.Dirichlet
replaying ErdosProblems.Erdos485.Deformation
replaying ErdosProblems.Erdos485.Bivariate
replaying ErdosProblems.Erdos485.Basic
replaying ErdosProblems.Erdos485.Arithmetic
